LIBTIFF_4.0 {
  global:
   pizlonated_TIFFAccessTagMethods;
   pizlonated_TIFFCIELabToRGBInit;
   pizlonated_TIFFCIELabToXYZ;
   pizlonated_TIFFCheckTile;
   pizlonated_TIFFCheckpointDirectory;
   pizlonated_TIFFCleanup;
   pizlonated_TIFFClientOpen;
   pizlonated_TIFFClientdata;
   pizlonated_TIFFClose;
   pizlonated_TIFFComputeStrip;
   pizlonated_TIFFComputeTile;
   pizlonated_TIFFCreateDirectory;
   pizlonated_TIFFCurrentDirOffset;
   pizlonated_TIFFCurrentDirectory;
   pizlonated_TIFFCurrentRow;
   pizlonated_TIFFCurrentStrip;
   pizlonated_TIFFCurrentTile;
   pizlonated_TIFFDataWidth;
   pizlonated_TIFFDefaultStripSize;
   pizlonated_TIFFDefaultTileSize;
   pizlonated_TIFFError;
   pizlonated_TIFFErrorExt;
   pizlonated_TIFFFdOpen;
   pizlonated_TIFFFieldWithName;
   pizlonated_TIFFFieldWithTag;
   pizlonated_TIFFFileName;
   pizlonated_TIFFFileno;
   pizlonated_TIFFFindCODEC;
   pizlonated_TIFFFindField;
   pizlonated_TIFFFlush;
   pizlonated_TIFFFlushData;
   pizlonated_TIFFFreeDirectory;
   pizlonated_TIFFGetBitRevTable;
   pizlonated_TIFFGetClientInfo;
   pizlonated_TIFFGetCloseProc;
   pizlonated_TIFFGetConfiguredCODECs;
   pizlonated_TIFFGetField;
   pizlonated_TIFFGetFieldDefaulted;
   pizlonated_TIFFGetMapFileProc;
   pizlonated_TIFFGetMode;
   pizlonated_TIFFGetReadProc;
   pizlonated_TIFFGetSeekProc;
   pizlonated_TIFFGetSizeProc;
   pizlonated_TIFFGetTagListCount;
   pizlonated_TIFFGetTagListEntry;
   pizlonated_TIFFGetUnmapFileProc;
   pizlonated_TIFFGetVersion;
   pizlonated_TIFFGetWriteProc;
   pizlonated_TIFFIsBigEndian;
   pizlonated_TIFFIsByteSwapped;
   pizlonated_TIFFIsCODECConfigured;
   pizlonated_TIFFIsMSB2LSB;
   pizlonated_TIFFIsTiled;
   pizlonated_TIFFIsUpSampled;
   pizlonated_TIFFLastDirectory;
   pizlonated_TIFFMergeFieldInfo;
   pizlonated_TIFFNumberOfDirectories;
   pizlonated_TIFFNumberOfStrips;
   pizlonated_TIFFNumberOfTiles;
   pizlonated_TIFFOpen;
   pizlonated_TIFFOpenW;
   pizlonated_TIFFPrintDirectory;
   pizlonated_TIFFRGBAImageBegin;
   pizlonated_TIFFRGBAImageEnd;
   pizlonated_TIFFRGBAImageGet;
   pizlonated_TIFFRGBAImageOK;
   pizlonated_TIFFRasterScanlineSize;
   pizlonated_TIFFRasterScanlineSize64;
   pizlonated_TIFFRawStripSize;
   pizlonated_TIFFRawStripSize64;
   pizlonated_TIFFReadBufferSetup;
   pizlonated_TIFFReadCustomDirectory;
   pizlonated_TIFFReadDirectory;
   pizlonated_TIFFReadEXIFDirectory;
   pizlonated_TIFFReadEncodedStrip;
   pizlonated_TIFFReadEncodedTile;
   pizlonated_TIFFReadRGBAImage;
   pizlonated_TIFFReadRGBAImageOriented;
   pizlonated_TIFFReadRGBAStrip;
   pizlonated_TIFFReadRGBATile;
   pizlonated_TIFFReadRawStrip;
   pizlonated_TIFFReadRawTile;
   pizlonated_TIFFReadScanline;
   pizlonated_TIFFReadTile;
   pizlonated_TIFFRegisterCODEC;
   pizlonated_TIFFReverseBits;
   pizlonated_TIFFRewriteDirectory;
   pizlonated_TIFFScanlineSize;
   pizlonated_TIFFScanlineSize64;
   pizlonated_TIFFSetClientInfo;
   pizlonated_TIFFSetClientdata;
   pizlonated_TIFFSetDirectory;
   pizlonated_TIFFSetErrorHandler;
   pizlonated_TIFFSetErrorHandlerExt;
   pizlonated_TIFFSetField;
   pizlonated_TIFFSetFileName;
   pizlonated_TIFFSetFileno;
   pizlonated_TIFFSetMode;
   pizlonated_TIFFSetSubDirectory;
   pizlonated_TIFFSetTagExtender;
   pizlonated_TIFFSetWarningHandler;
   pizlonated_TIFFSetWarningHandlerExt;
   pizlonated_TIFFSetWriteOffset;
   pizlonated_TIFFSetupStrips;
   pizlonated_TIFFStripSize;
   pizlonated_TIFFStripSize64;
   pizlonated_TIFFSwabArrayOfDouble;
   pizlonated_TIFFSwabArrayOfFloat;
   pizlonated_TIFFSwabArrayOfLong;
   pizlonated_TIFFSwabArrayOfLong8;
   pizlonated_TIFFSwabArrayOfShort;
   pizlonated_TIFFSwabArrayOfTriples;
   pizlonated_TIFFSwabDouble;
   pizlonated_TIFFSwabFloat;
   pizlonated_TIFFSwabLong;
   pizlonated_TIFFSwabLong8;
   pizlonated_TIFFSwabShort;
   pizlonated_TIFFTileRowSize;
   pizlonated_TIFFTileRowSize64;
   pizlonated_TIFFTileSize;
   pizlonated_TIFFTileSize64;
   pizlonated_TIFFUnRegisterCODEC;
   pizlonated_TIFFUnlinkDirectory;
   pizlonated_TIFFUnsetField;
   pizlonated_TIFFVGetField;
   pizlonated_TIFFVGetFieldDefaulted;
   pizlonated_TIFFVSetField;
   pizlonated_TIFFVStripSize;
   pizlonated_TIFFVStripSize64;
   pizlonated_TIFFVTileSize;
   pizlonated_TIFFVTileSize64;
   pizlonated_TIFFWarning;
   pizlonated_TIFFWarningExt;
   pizlonated_TIFFWriteBufferSetup;
   pizlonated_TIFFWriteCheck;
   pizlonated_TIFFWriteDirectory;
   pizlonated_TIFFWriteEncodedStrip;
   pizlonated_TIFFWriteEncodedTile;
   pizlonated_TIFFWriteRawStrip;
   pizlonated_TIFFWriteRawTile;
   pizlonated_TIFFWriteScanline;
   pizlonated_TIFFWriteTile;
   pizlonated_TIFFXYZToRGB;
   pizlonated_TIFFYCbCrToRGBInit;
   pizlonated_TIFFYCbCrtoRGB;
    pizlonated__TIFFfree;
    pizlonated__TIFFmalloc;
    pizlonated__TIFFmemcmp;
    pizlonated__TIFFmemcpy;
    pizlonated__TIFFmemset;
    pizlonated__TIFFrealloc;

  local:
    *;
};

LIBTIFF_4.1 {
    pizlonated__TIFFCheckMalloc;
    pizlonated__TIFFCheckRealloc;
    pizlonated__TIFFMultiply32;
    pizlonated__TIFFMultiply64;
    pizlonated__TIFFRewriteField;
   pizlonated_TIFFCreateCustomDirectory;
   pizlonated_TIFFCreateEXIFDirectory;
   pizlonated_TIFFDeferStrileArrayWriting;
   pizlonated_TIFFFieldDataType;
   pizlonated_TIFFFieldName;
   pizlonated_TIFFFieldPassCount;
   pizlonated_TIFFFieldReadCount;
   pizlonated_TIFFFieldTag;
   pizlonated_TIFFFieldWriteCount;
   pizlonated_TIFFForceStrileArrayWriting;
   pizlonated_TIFFGetStrileByteCount;
   pizlonated_TIFFGetStrileByteCountWithErr;
   pizlonated_TIFFGetStrileOffset;
   pizlonated_TIFFGetStrileOffsetWithErr;
   pizlonated_TIFFReadFromUserBuffer;
   pizlonated_TIFFReadRGBAStripExt;
   pizlonated_TIFFReadRGBATileExt;
   pizlonated_TIFFSetCompressionScheme;
   pizlonated_TIFFWriteCustomDirectory;
} LIBTIFF_4.0;

LIBTIFF_4.2 {
   pizlonated_TIFFCreateGPSDirectory;
   pizlonated_TIFFReadGPSDirectory;
    pizlonated__TIFFGetExifFields;
    pizlonated__TIFFGetGpsFields;
} LIBTIFF_4.1;

LIBTIFF_4.3 {
} LIBTIFF_4.2;

LIBTIFF_4.4 {
   pizlonated_TIFFFieldIsAnonymous;
   pizlonated_TIFFFieldSetGetSize;
   pizlonated_TIFFFieldSetGetCountSize;
   pizlonated_TIFFIsBigTIFF;
} LIBTIFF_4.3;

LIBTIFF_4.5 {
    pizlonated__TIFFClampDoubleToUInt32;
   pizlonated_TIFFClientOpenExt;
   pizlonated_TIFFFdOpenExt;
   pizlonated_TIFFOpenExt;
   pizlonated_TIFFOpenWExt;
   pizlonated_TIFFErrorExtR;
   pizlonated_TIFFWarningExtR;
   pizlonated_TIFFOpenOptionsAlloc;
   pizlonated_TIFFOpenOptionsFree;
   pizlonated_TIFFOpenOptionsSetMaxSingleMemAlloc;
   pizlonated_TIFFOpenOptionsSetErrorHandlerExtR;
   pizlonated_TIFFOpenOptionsSetWarningHandlerExtR;
} LIBTIFF_4.4;

LIBTIFF_4.6.1 {
   pizlonated_TIFFOpenOptionsSetMaxCumulatedMemAlloc;
} LIBTIFF_4.5;
